---
source: src/figlet/mod.rs
expression: "&result"
---

        ,a8888a,        ,a8888a,             ,a8888a,        ,a8888a,
      ,8P"'  `"Y8,    ,8P"'  `"Y8,         ,8P"'  `"Y8,    ,8P"'  `"Y8,
     ,8P        Y8,  ,8P        Y8,       ,8P        Y8,  ,8P        Y8,
888  88          88  88          88  888  88          88  88          88
888  88          88  88          88  888  88          88  88          88
     `8b        d8'  `8b        d8'       `8b        d8'  `8b        d8'
888   `8ba,  ,ad8'    `8ba,  ,ad8'   888   `8ba,  ,ad8'    `8ba,  ,ad8'
888     "Y8888P"        "Y8888P"     888     "Y8888P"        "Y8888P"
