---
source: src/time.rs
expression: "&result"
---





                  ad888888b,  88
                 d8"     "88  88
                         a8P  88
                      ,d8P"   88,dPPYba,
                    a8P"      88P'    "8a
                  a8P'        88       88
                 d8"          88       88
                 88888888888  88       88
